{
  "sampleTimes": 1349,
  "handStates": 2698,
  "interval": [
    153.402546,
    164.072413
  ],
  "worseKeyRows": 44,
  "worseKeyRowsOver3mm": 27,
  "worsePairRows": 0,
  "newPairRows": 0,
  "improvedKeyRows": 5,
  "improvedPairRows": 0,
  "changedContactGaps": 0,
  "pointErrorRowsOver015mm": 0,
  "pointErrorsByNote": {},
  "targetHeldSamples": 397,
  "targetHeldWorstPointErrorMm": 0.000169847305449102,
  "window": {
    "158.5\u2013160.5": {
      "worseSevereKeyRows": 27,
      "worsePairRows": 0,
      "newPairRows": 0
    },
    "159.18\u2013159.36": {
      "worseSevereKeyRows": 0,
      "worsePairRows": 0,
      "newPairRows": 0
    }
  }
}
