{
  "curves": [
    {
      "side": "L",
      "previous": "p00717",
      "next": "p00720",
      "times": [
        159.08,
        159.13
      ],
      "previousEnd": 159.007812,
      "nextTime": 159.159706,
      "knots": [
        {
          "time": 159.08,
          "sampledAt": 159.08,
          "localQuaternions": [
            [
              0.19935835458720774,
              -0.4196751987049543,
              0.42625898791429834,
              0.7761650899061974
            ],
            [
              -0.022386235424429746,
              0.395246957756256,
              0.0031919725427519696,
              0.9182965262698277
            ],
            [
              -0.006259220784274655,
              0.38397240656393794,
              -0.004846495068616674,
              0.9233106327982048
            ]
          ],
          "tip": [
            -0.08195177574211489,
            0.7793119878458667,
            0.27153309244476465
          ],
          "wrist": [
            -0.17975282682339494,
            0.7528212225275948,
            0.35938487430144317
          ]
        },
        {
          "time": 159.13,
          "sampledAt": 159.13,
          "localQuaternions": [
            [
              0.5620542039160664,
              -0.2769894797373483,
              0.31088211543283334,
              0.714649705509443
            ],
            [
              -0.4240288510849169,
              0.35724738164610315,
              0.06046673019373966,
              0.830010612157632
            ],
            [
              -0.12200164193253055,
              0.3793856211469744,
              -0.09447244929809656,
              0.9122812648280736
            ]
          ],
          "tip": [
            -0.11987048380754246,
            0.7627911187223342,
            0.2691343718031339
          ],
          "wrist": [
            -0.21587090144158155,
            0.7546709725063426,
            0.3492004676278434
          ]
        }
      ]
    },
    {
      "side": "R",
      "next": "p00721",
      "times": [
        159.1,
        159.15
      ],
      "previous": "p00691",
      "previousEnd": 153.403546,
      "nextTime": 159.181206,
      "knots": [
        {
          "time": 159.1,
          "sampledAt": 159.1,
          "localQuaternions": [
            [
              0.18688507747278701,
              0.7973211164992682,
              -0.2306614847161606,
              0.5254981326012201
            ],
            [
              -0.022389795241872096,
              -0.3952463993713896,
              -0.0031899699078017443,
              0.9182966867766469
            ],
            [
              -0.006259353783984123,
              -0.38397274011256916,
              0.00484516080351069,
              0.9233105001880144
            ]
          ],
          "tip": [
            0.040699410011412085,
            0.7609218179624986,
            0.27810670261981685
          ],
          "wrist": [
            0.10725000716061467,
            0.746260024623881,
            0.3970000536463446
          ]
        },
        {
          "time": 159.15,
          "sampledAt": 159.15,
          "localQuaternions": [
            [
              0.5516408272269527,
              0.6964898785337075,
              -0.2088449786164586,
              0.40862945320633737
            ],
            [
              -0.46224644901314527,
              -0.3496051679406468,
              -0.06592091961876159,
              0.8122554273629368
            ],
            [
              -0.13379335310863122,
              -0.37844725132301854,
              0.10359902855682862,
              0.9100243172092065
            ]
          ],
          "tip": [
            0.03525004225255551,
            0.7516541163792957,
            0.2690001080193657
          ],
          "wrist": [
            0.08658732711611003,
            0.7580636956090541,
            0.38387652383730564
          ]
        }
      ]
    },
    {
      "side": "L",
      "previous": "p00720",
      "times": [
        159.42,
        159.47
      ],
      "previousEnd": 159.374607,
      "next": "p00737",
      "nextTime": 161.826373,
      "knots": [
        {
          "time": 159.42,
          "sampledAt": 159.42,
          "localQuaternions": [
            [
              0.4934638535603837,
              -0.2987731452669487,
              0.21870653326946157,
              0.7870168251641851
            ],
            [
              -0.427454107032563,
              0.3565958001468686,
              0.060955176407105884,
              0.8284967641263227
            ],
            [
              -0.12304937501645613,
              0.37930580509522405,
              -0.09528376878523673,
              0.9120893382422604
            ]
          ],
          "tip": [
            -0.11999264336059003,
            0.7608566480254344,
            0.2603789863146501
          ],
          "wrist": [
            -0.19972477747675096,
            0.7575494783013613,
            0.3595475032415115
          ]
        },
        {
          "time": 159.47,
          "sampledAt": 159.47,
          "localQuaternions": [
            [
              0.12984643104048182,
              -0.4097100518784169,
              0.356798093873369,
              0.8294411974904541
            ],
            [
              -0.022386235424430023,
              0.39524695775625623,
              0.0031919725427518725,
              0.9182965262698279
            ],
            [
              -0.006259220784272879,
              0.38397240656393755,
              -0.0048464950686158415,
              0.9233106327982055
            ]
          ],
          "tip": [
            -0.06930404748039233,
            0.7643981405348432,
            0.2807561220077275
          ],
          "wrist": [
            -0.1538398696913174,
            0.7520603008019415,
            0.3870338840051184
          ]
        }
      ]
    }
  ],
  "planeMin": 0.7299104853052508
}
