RENDERER llvmpipe (LLVM 20.1.2, 256 bits)
ENV_CAPTURE_FACE 0
ENV_CAPTURE_FACE 1
ENV_CAPTURE_FACE 2
ENV_CAPTURE_FACE 3
ENV_CAPTURE_FACE 4
ENV_CAPTURE_FACE 5
ENV_FILTER_LEVEL 0
ENV_FILTER_LEVEL 1
ENV_FILTER_LEVEL 2
ENV_FILTER_LEVEL 3
ENV_FILTER_LEVEL 4
ENV_FILTER_LEVEL 5
ENV_FILTER_LEVEL 6
ENV_FILTER_LEVEL 7
ENV_FILTER_LEVEL 8
ENVIRONMENT {"position": [0.0, 1.149999976158142, -0.44999998807907104], "captureSize": 256, "filteredSize": 128, "roughnessLevels": 9, "samples": 128, "stageMeshes": 318, "seconds": 1.7648649789989577, "approximation": "GGX NDF split-sum, 9 regular levels; source uses GGX VNDF CubeUV and initial sigma=.045"}
{"frame": "/workspace/scratch/2e8cc8e77f98/render-recovery/reviews/0719b3ea9426d2eb/current-1280-159.096000.png", "glError": "GL_NO_ERROR", "seconds": 1.1354356829979224, "shot": "The light returns"}
{"frame": "/workspace/scratch/2e8cc8e77f98/render-recovery/reviews/0719b3ea9426d2eb/current-1280-159.104000.png", "glError": "GL_NO_ERROR", "seconds": 0.8734715379978297, "shot": "The light returns"}
{"frame": "/workspace/scratch/2e8cc8e77f98/render-recovery/reviews/0719b3ea9426d2eb/current-1280-159.115000.png", "glError": "GL_NO_ERROR", "seconds": 1.0139263160017435, "shot": "The light returns"}
{"frame": "/workspace/scratch/2e8cc8e77f98/render-recovery/reviews/0719b3ea9426d2eb/current-1280-159.131000.png", "glError": "GL_NO_ERROR", "seconds": 0.8046679050021339, "shot": "The light returns"}
{"frame": "/workspace/scratch/2e8cc8e77f98/render-recovery/reviews/0719b3ea9426d2eb/current-1280-159.300000.png", "glError": "GL_NO_ERROR", "seconds": 0.8012453720002668, "shot": "Everything opens \u00b7 hands"}
{"frame": "/workspace/scratch/2e8cc8e77f98/render-recovery/reviews/0719b3ea9426d2eb/current-1280-159.412500.png", "glError": "GL_NO_ERROR", "seconds": 0.8257276930016815, "shot": "Everything opens \u00b7 hands"}
{"frame": "/workspace/scratch/2e8cc8e77f98/render-recovery/reviews/0719b3ea9426d2eb/current-1280-159.420000.png", "glError": "GL_NO_ERROR", "seconds": 0.7999055660002341, "shot": "Everything opens \u00b7 hands"}
{"frame": "/workspace/scratch/2e8cc8e77f98/render-recovery/reviews/0719b3ea9426d2eb/current-1280-159.444000.png", "glError": "GL_NO_ERROR", "seconds": 0.7742675800000143, "shot": "Everything opens \u00b7 hands"}
{"frame": "/workspace/scratch/2e8cc8e77f98/render-recovery/reviews/0719b3ea9426d2eb/current-1280-159.470000.png", "glError": "GL_NO_ERROR", "seconds": 0.8696332220024487, "shot": "Everything opens \u00b7 hands"}
{"frame": "/workspace/scratch/2e8cc8e77f98/render-recovery/reviews/0719b3ea9426d2eb/current-1280-159.500000.png", "glError": "GL_NO_ERROR", "seconds": 0.847676607001631, "shot": "Everything opens \u00b7 hands"}
{"report": "/workspace/scratch/2e8cc8e77f98/render-recovery/reviews/0719b3ea9426d2eb/report-1280.json", "initializationSeconds": 9.383294352999656, "peakProcessTreeRssBytes": 869232640}
