[
  {
    "id": "p00969",
    "before": 1.0651914082639293,
    "after": 1.1501052412128605
  },
  {
    "id": "p00976",
    "before": 1.0651914048702147,
    "after": 1.1501052320439775
  },
  {
    "id": "p00984",
    "before": 1.0651914002842247,
    "after": 1.1501052271863914
  },
  {
    "id": "p00310",
    "before": 0.8032377445184371,
    "after": 1.1100431414829957
  },
  {
    "id": "p00317",
    "before": 0.8032377394701627,
    "after": 1.1100431399583899
  },
  {
    "id": "p00013",
    "before": 0.8032377815624991,
    "after": 1.1100429955545759
  },
  {
    "id": "p00829",
    "before": 0.6447136996060375,
    "after": 1.0016053408429475
  },
  {
    "id": "p00484",
    "before": 0.7679555781801487,
    "after": 0.9379859440138746
  },
  {
    "id": "p00449",
    "before": 0.8116581595784058,
    "after": 0.896075526373508
  },
  {
    "id": "p00696",
    "before": 0.7935578582689544,
    "after": 0.8422237163334784
  }
]
