{
  "inputs": {
    "app/performance/pianist.ts": "03911a26a65d969e47f6a431e5946562ba9d713c21172d98d334f2240ac30b50",
    "production/qa/compiled/pianist.mjs": "3d09f763de9bd87efb06ae067c35fe98ab59aadefd2b64bb02bc869c85aab331",
    "public/assets/pianist.glb": "be0341c8b4749721dc884eae7adfd5966dfa8db7c7f15319e4ddae49a71879bc",
    "public/assets/score.json": "53be5f55cae2417b07c21ae546c909c78eb7ed3473dfdb190a2d706af210d35f"
  },
  "candidateSha256": "b57c94f98a845d53947dab52b40a8f83621f866d0104f7a0ac3a2c984f6d3ae8",
  "options": {
    "rollForearm": true,
    "smoothWeights": 8
  },
  "triangles": 7320,
  "affectedTriangles": 1046,
  "negativeControls": {
    "intersectingSegmentDetected": true,
    "disjointSegmentRejected": true,
    "actualBaselineCrossings": 821
  },
  "rows": [
    {
      "time": 0,
      "beforePairs": [
        "11704:13375",
        "11705:13053",
        "11705:13375",
        "11705:13376",
        "11705:13449",
        "13005:13375",
        "13052:13375",
        "13053:13375",
        "13162:13165",
        "13165:13195",
        "13165:13197",
        "13376:13386",
        "13376:13416",
        "13386:13449"
      ],
      "afterPairs": [],
      "newPairs": [],
      "oldDegenerate": [],
      "newDegenerate": [],
      "triangleAreaRatios": [
        0.26571429773495636,
        1.0118077800335266,
        3.9463703402713977
      ]
    },
    {
      "time": 0.304875,
      "beforePairs": [
        "11704:13375",
        "11705:13053",
        "11705:13375",
        "11705:13376",
        "11705:13449",
        "13005:13375",
        "13052:13375",
        "13053:13375",
        "13162:13165",
        "13165:13195",
        "13165:13197",
        "13376:13386",
        "13376:13416",
        "13386:13449"
      ],
      "afterPairs": [],
      "newPairs": [],
      "oldDegenerate": [],
      "newDegenerate": [],
      "triangleAreaRatios": [
        0.26587164446357064,
        1.0118755566976503,
        3.9555389923708812
      ]
    },
    {
      "time": 0.8350515000000001,
      "beforePairs": [
        "11704:13375",
        "11705:13053",
        "11705:13375",
        "11705:13376",
        "11705:13449",
        "13005:13375",
        "13052:13375",
        "13053:13375",
        "13162:13165",
        "13376:13386",
        "13386:13449"
      ],
      "afterPairs": [],
      "newPairs": [],
      "oldDegenerate": [],
      "newDegenerate": [],
      "triangleAreaRatios": [
        0.2602811342346515,
        1.0130852217450448,
        3.8392031943589306
      ]
    },
    {
      "time": 5,
      "beforePairs": [
        "11704:13375",
        "11705:13053",
        "11705:13375",
        "11705:13449",
        "11706:13053",
        "11706:13376",
        "11706:13449",
        "11707:13053",
        "11707:13449",
        "13005:13375",
        "13052:13375",
        "13053:13375",
        "13053:13386",
        "13053:13387",
        "13162:13165",
        "13165:13195",
        "13165:13197",
        "13386:13449",
        "13387:13449"
      ],
      "afterPairs": [],
      "newPairs": [],
      "oldDegenerate": [],
      "newDegenerate": [],
      "triangleAreaRatios": [
        0.14834610569523388,
        1.0098494952033703,
        6.08910037642796
      ]
    },
    {
      "time": 8.2659515,
      "beforePairs": [
        "11704:13375",
        "11705:13053",
        "11705:13375",
        "11705:13376",
        "11705:13449",
        "13005:13375",
        "13052:13375",
        "13376:13389",
        "13389:13449"
      ],
      "afterPairs": [],
      "newPairs": [],
      "oldDegenerate": [],
      "newDegenerate": [],
      "triangleAreaRatios": [
        0.5248450229648312,
        1.015464556377521,
        4.646297790401742
      ]
    },
    {
      "time": 8.66825,
      "beforePairs": [
        "11704:13375",
        "11704:13376",
        "11704:13449",
        "11705:13376",
        "11705:13449",
        "13005:13375",
        "13005:13449"
      ],
      "afterPairs": [],
      "newPairs": [],
      "oldDegenerate": [],
      "newDegenerate": [],
      "triangleAreaRatios": [
        0.5516649433510605,
        1.0143094805841815,
        4.371600435927137
      ]
    },
    {
      "time": 15.2036315,
      "beforePairs": [
        "11704:13375",
        "11705:13053",
        "11705:13375",
        "11705:13376",
        "11705:13449",
        "13005:13375",
        "13052:13375",
        "13053:13375",
        "13376:13389",
        "13389:13449"
      ],
      "afterPairs": [],
      "newPairs": [],
      "oldDegenerate": [],
      "newDegenerate": [],
      "triangleAreaRatios": [
        0.4061062756607813,
        1.01357394863719,
        3.5159645423847667
      ]
    },
    {
      "time": 15.637,
      "beforePairs": [
        "11704:13375",
        "11705:13053",
        "11705:13375",
        "11705:13376",
        "11705:13449",
        "13005:13375",
        "13052:13375",
        "13053:13375",
        "13376:13389",
        "13389:13449"
      ],
      "afterPairs": [],
      "newPairs": [],
      "oldDegenerate": [],
      "newDegenerate": [],
      "triangleAreaRatios": [
        0.40923989710372377,
        1.0134809725287466,
        3.5043168609486224
      ]
    },
    {
      "time": 21.518767,
      "beforePairs": [
        "11704:13375",
        "11704:13376",
        "11704:13449",
        "11705:13376",
        "11705:13449",
        "13005:13375",
        "13052:13375"
      ],
      "afterPairs": [],
      "newPairs": [],
      "oldDegenerate": [],
      "newDegenerate": [],
      "triangleAreaRatios": [
        0.5029576138506678,
        1.0121174771020842,
        3.3112183376041107
      ]
    },
    {
      "time": 22.72675,
      "beforePairs": [
        "11704:13375",
        "11705:13053",
        "11705:13375",
        "13005:13375",
        "13052:13375",
        "13053:13375",
        "13053:13389",
        "13375:13389",
        "13376:13383",
        "13376:13388",
        "13376:13389",
        "13383:13449",
        "13388:13449",
        "13389:13449"
      ],
      "afterPairs": [],
      "newPairs": [],
      "oldDegenerate": [],
      "newDegenerate": [],
      "triangleAreaRatios": [
        0.48768533638956807,
        1.0157619124126598,
        5.745711806486768
      ]
    },
    {
      "time": 26.05,
      "beforePairs": [
        "11704:13375",
        "11704:13376",
        "11704:13449",
        "11705:13376",
        "11705:13449",
        "13005:13375",
        "13052:13375",
        "13053:13375",
        "32810:34475",
        "32810:34546",
        "32811:34472",
        "32811:34475",
        "32811:34546",
        "34102:34472",
        "34102:34546"
      ],
      "afterPairs": [],
      "newPairs": [],
      "oldDegenerate": [],
      "newDegenerate": [],
      "triangleAreaRatios": [
        0.48738174057097944,
        1.020264502885536,
        5.359952168570575
      ]
    },
    {
      "time": 27.767177999999998,
      "beforePairs": [
        "11704:13375",
        "11705:13053",
        "11705:13375",
        "11705:13376",
        "11705:13449",
        "13005:13375",
        "13052:13375",
        "13376:13388",
        "13376:13389",
        "13388:13449",
        "13389:13449"
      ],
      "afterPairs": [],
      "newPairs": [],
      "oldDegenerate": [],
      "newDegenerate": [],
      "triangleAreaRatios": [
        0.4077110259550818,
        1.0176550054165645,
        5.508358572610059
      ]
    },
    {
      "time": 28.652625,
      "beforePairs": [
        "11704:13376",
        "11704:13449",
        "13005:13449"
      ],
      "afterPairs": [],
      "newPairs": [],
      "oldDegenerate": [],
      "newDegenerate": [],
      "triangleAreaRatios": [
        0.5236118150097666,
        1.0156818868195145,
        5.478109969111038
      ]
    },
    {
      "time": 30,
      "beforePairs": [
        "11701:13376",
        "11701:13449",
        "11704:13375",
        "11705:13053",
        "11705:13375",
        "11706:13053",
        "11706:13376",
        "11706:13449",
        "11707:13053",
        "11707:13449",
        "13005:13375",
        "13052:13375",
        "13053:13375",
        "13053:13388",
        "13053:13389",
        "13375:13388",
        "13375:13389",
        "13388:13449"
      ],
      "afterPairs": [],
      "newPairs": [],
      "oldDegenerate": [],
      "newDegenerate": [],
      "triangleAreaRatios": [
        0.32102302490824725,
        1.017071246213947,
        4.897350709282055
      ]
    },
    {
      "time": 33.391442000000005,
      "beforePairs": [
        "11704:13375",
        "11705:13053",
        "11705:13375",
        "11705:13376",
        "11705:13449",
        "13005:13375",
        "13052:13375",
        "13053:13375",
        "13376:13388",
        "13376:13389",
        "13388:13449",
        "13389:13449"
      ],
      "afterPairs": [],
      "newPairs": [],
      "oldDegenerate": [],
      "newDegenerate": [],
      "triangleAreaRatios": [
        0.3800251171317368,
        1.0175609423256833,
        7.664299455654799
      ]
    },
    {
      "time": 35.637,
      "beforePairs": [
        "11704:13375",
        "11704:13376",
        "11704:13449",
        "11705:13376",
        "11705:13449",
        "13005:13375",
        "13052:13375",
        "13053:13375"
      ],
      "afterPairs": [],
      "newPairs": [],
      "oldDegenerate": [],
      "newDegenerate": [],
      "triangleAreaRatios": [
        0.49491671134169374,
        1.013765660004757,
        3.389887191614705
      ]
    },
    {
      "time": 40.463538,
      "beforePairs": [
        "11704:13375",
        "11704:13376",
        "11704:13449",
        "11705:13376",
        "11705:13449",
        "13005:13375",
        "13052:13375",
        "13053:13375"
      ],
      "afterPairs": [],
      "newPairs": [],
      "oldDegenerate": [],
      "newDegenerate": [],
      "triangleAreaRatios": [
        0.4887295546452264,
        1.018447260305316,
        4.69148879972189
      ]
    },
    {
      "time": 42.72675,
      "beforePairs": [
        "11701:13053",
        "11701:13376",
        "11701:13449",
        "11704:13375",
        "11705:13053",
        "11705:13375",
        "11706:13053",
        "11706:13449",
        "11707:13053",
        "11707:13449",
        "13005:13375",
        "13052:13375",
        "13053:13375",
        "13053:13388",
        "13053:13389",
        "13375:13388",
        "13375:13389",
        "13388:13449"
      ],
      "afterPairs": [],
      "newPairs": [],
      "oldDegenerate": [],
      "newDegenerate": [],
      "triangleAreaRatios": [
        0.3054809166511118,
        1.012079047672992,
        5.0876979610591455
      ]
    },
    {
      "time": 46.513887000000004,
      "beforePairs": [
        "11704:13375",
        "11704:13376",
        "11704:13449",
        "11705:13376",
        "11705:13449",
        "13005:13375",
        "13052:13375",
        "13053:13375"
      ],
      "afterPairs": [],
      "newPairs": [],
      "oldDegenerate": [],
      "newDegenerate": [],
      "triangleAreaRatios": [
        0.4735487535405462,
        1.013347887172074,
        3.6447694209607535
      ]
    },
    {
      "time": 48.652625,
      "beforePairs": [
        "11704:13376",
        "11704:13449",
        "13005:13449"
      ],
      "afterPairs": [],
      "newPairs": [],
      "oldDegenerate": [],
      "newDegenerate": [],
      "triangleAreaRatios": [
        0.5823807896225505,
        1.0133412047178778,
        10.140617262618335
      ]
    },
    {
      "time": 53.22675,
      "beforePairs": [
        "11704:13375",
        "11704:13376",
        "11704:13449",
        "11705:13376",
        "11705:13449",
        "13005:13375",
        "13052:13375",
        "13376:13389",
        "13389:13449"
      ],
      "afterPairs": [],
      "newPairs": [],
      "oldDegenerate": [],
      "newDegenerate": [],
      "triangleAreaRatios": [
        0.5315591827343858,
        1.017462472860634,
        4.489396974549799
      ]
    },
    {
      "time": 53.2684495,
      "beforePairs": [
        "11704:13375",
        "11704:13376",
        "11704:13449",
        "11705:13376",
        "11705:13449",
        "13005:13375",
        "13052:13375",
        "13376:13389",
        "13389:13449"
      ],
      "afterPairs": [],
      "newPairs": [],
      "oldDegenerate": [],
      "newDegenerate": [],
      "triangleAreaRatios": [
        0.5317621335815987,
        1.0174850967434865,
        4.511329545727766
      ]
    },
    {
      "time": 57.711125,
      "beforePairs": [
        "11704:13376",
        "11704:13449",
        "13005:13449",
        "13376:13416"
      ],
      "afterPairs": [],
      "newPairs": [],
      "oldDegenerate": [],
      "newDegenerate": [],
      "triangleAreaRatios": [
        0.5266239079946965,
        1.009641436595271,
        6.119406593777531
      ]
    },
    {
      "time": 59.020720000000004,
      "beforePairs": [
        "11704:13375",
        "11704:13376",
        "11704:13449",
        "11705:13376",
        "11705:13449",
        "13005:13375",
        "13005:13449"
      ],
      "afterPairs": [],
      "newPairs": [],
      "oldDegenerate": [],
      "newDegenerate": [],
      "triangleAreaRatios": [
        0.5478572683857814,
        1.014193969550765,
        4.143761993042861
      ]
    },
    {
      "time": 60,
      "beforePairs": [
        "11704:13375",
        "11705:13053",
        "11705:13375",
        "11705:13376",
        "11705:13449",
        "13005:13375",
        "13052:13375",
        "13053:13375",
        "13376:13388",
        "13376:13389",
        "13388:13449",
        "13389:13449",
        "32811:34475",
        "32811:34546",
        "34102:34546"
      ],
      "afterPairs": [],
      "newPairs": [],
      "oldDegenerate": [],
      "newDegenerate": [],
      "triangleAreaRatios": [
        0.5152487250339007,
        1.0230476232939232,
        10.064088762589119
      ]
    },
    {
      "time": 62.274953000000004,
      "beforePairs": [
        "11704:13375",
        "11704:13376",
        "11704:13449",
        "11705:13376",
        "11705:13449",
        "13005:13375",
        "13005:13449",
        "13376:13389",
        "13389:13449",
        "32810:34475",
        "32810:34546",
        "32811:34472",
        "32811:34475",
        "32811:34546",
        "34102:34472",
        "34102:34546",
        "34475:34486",
        "34486:34546"
      ],
      "afterPairs": [],
      "newPairs": [],
      "oldDegenerate": [],
      "newDegenerate": [],
      "triangleAreaRatios": [
        0.544143266873543,
        1.0218741324598561,
        5.089811618291669
      ]
    },
    {
      "time": 64,
      "beforePairs": [
        "11704:13376",
        "11704:13449",
        "11705:13376",
        "11705:13449",
        "13005:13449",
        "13376:13389",
        "13389:13449"
      ],
      "afterPairs": [],
      "newPairs": [],
      "oldDegenerate": [],
      "newDegenerate": [],
      "triangleAreaRatios": [
        0.5372130476301408,
        1.0130764121779439,
        5.61005877423178
      ]
    },
    {
      "time": 65.675294,
      "beforePairs": [
        "11704:13376",
        "11704:13449",
        "13005:13376",
        "13005:13449"
      ],
      "afterPairs": [],
      "newPairs": [],
      "oldDegenerate": [],
      "newDegenerate": [],
      "triangleAreaRatios": [
        0.5781070608484042,
        1.0152377469782317,
        6.646587842104276
      ]
    },
    {
      "time": 66.746375,
      "beforePairs": [],
      "afterPairs": [],
      "newPairs": [],
      "oldDegenerate": [],
      "newDegenerate": [],
      "triangleAreaRatios": [
        0.5650189776644123,
        1.01148524704904,
        5.548047611477381
      ]
    },
    {
      "time": 71.0848845,
      "beforePairs": [
        "11704:13376",
        "11704:13449",
        "13005:13449"
      ],
      "afterPairs": [],
      "newPairs": [],
      "oldDegenerate": [],
      "newDegenerate": [],
      "triangleAreaRatios": [
        0.48576698419564646,
        1.0158951950188375,
        28.431034605250655
      ]
    },
    {
      "time": 71.887,
      "beforePairs": [
        "11704:13375",
        "11704:13376",
        "11704:13449",
        "11705:13376",
        "11705:13449",
        "13005:13375",
        "13005:13449",
        "13376:13389",
        "13389:13449",
        "32811:34475",
        "32811:34546",
        "34102:34546",
        "34475:34515"
      ],
      "afterPairs": [],
      "newPairs": [],
      "oldDegenerate": [],
      "newDegenerate": [],
      "triangleAreaRatios": [
        0.5479813178007255,
        1.0182895980671998,
        31.812058601399663
      ]
    },
    {
      "time": 75.68052750000001,
      "beforePairs": [
        "11704:13375",
        "11704:13376",
        "11704:13449",
        "11705:13376",
        "11705:13449",
        "13005:13375",
        "13052:13375",
        "13053:13375",
        "32810:34475",
        "32810:34546",
        "32811:34475",
        "32811:34546",
        "34102:34546"
      ],
      "afterPairs": [],
      "newPairs": [],
      "oldDegenerate": [],
      "newDegenerate": [],
      "triangleAreaRatios": [
        0.47338177321174996,
        1.0209691072609397,
        7.532809635686699
      ]
    },
    {
      "time": 75.72675,
      "beforePairs": [
        "11704:13375",
        "11704:13376",
        "11704:13449",
        "11705:13376",
        "11705:13449",
        "13005:13375",
        "13052:13375",
        "13053:13375",
        "32810:34475",
        "32810:34546",
        "32811:34475",
        "32811:34546",
        "34102:34546"
      ],
      "afterPairs": [],
      "newPairs": [],
      "oldDegenerate": [],
      "newDegenerate": [],
      "triangleAreaRatios": [
        0.47248396020039346,
        1.0209713572062304,
        7.439243637116619
      ]
    },
    {
      "time": 80.2061565,
      "beforePairs": [],
      "afterPairs": [],
      "newPairs": [],
      "oldDegenerate": [],
      "newDegenerate": [],
      "triangleAreaRatios": [
        0.5220745205061451,
        1.0091388825647398,
        6.110718934927611
      ]
    },
    {
      "time": 81.037,
      "beforePairs": [
        "11704:13376",
        "11704:13449",
        "13005:13449"
      ],
      "afterPairs": [],
      "newPairs": [],
      "oldDegenerate": [],
      "newDegenerate": [],
      "triangleAreaRatios": [
        0.48163091887853277,
        1.0126652378734962,
        34.20685095798249
      ]
    },
    {
      "time": 84.014679,
      "beforePairs": [
        "11704:13375",
        "11705:13053",
        "11705:13375",
        "11705:13376",
        "11705:13449",
        "13005:13375",
        "13052:13375",
        "13376:13389",
        "13389:13449"
      ],
      "afterPairs": [],
      "newPairs": [],
      "oldDegenerate": [],
      "newDegenerate": [],
      "triangleAreaRatios": [
        0.5232284815847237,
        1.015870172819154,
        5.41181703861651
      ]
    },
    {
      "time": 84.787,
      "beforePairs": [
        "11704:13375",
        "11704:13376",
        "11704:13449",
        "11705:13376",
        "11705:13449",
        "13005:13375",
        "13052:13375",
        "13376:13389",
        "13389:13449"
      ],
      "afterPairs": [],
      "newPairs": [],
      "oldDegenerate": [],
      "newDegenerate": [],
      "triangleAreaRatios": [
        0.5377711506033916,
        1.015897315156988,
        4.991203621511133
      ]
    },
    {
      "time": 85,
      "beforePairs": [
        "11704:13375",
        "11704:13376",
        "11704:13449",
        "11705:13376",
        "11705:13449",
        "13005:13375",
        "13052:13375",
        "13053:13375"
      ],
      "afterPairs": [],
      "newPairs": [],
      "oldDegenerate": [],
      "newDegenerate": [],
      "triangleAreaRatios": [
        0.5174842018623249,
        1.013818246321586,
        4.148200535329973
      ]
    },
    {
      "time": 88.2537945,
      "beforePairs": [
        "11704:13376",
        "11704:13449",
        "13005:13449"
      ],
      "afterPairs": [],
      "newPairs": [],
      "oldDegenerate": [],
      "newDegenerate": [],
      "triangleAreaRatios": [
        0.526278897312021,
        1.0122518872444954,
        7.306735998491711
      ]
    },
    {
      "time": 90.179875,
      "beforePairs": [
        "11704:13375",
        "11704:13376",
        "11704:13449",
        "11705:13376",
        "11705:13449",
        "13005:13375",
        "13052:13375",
        "13053:13375"
      ],
      "afterPairs": [],
      "newPairs": [],
      "oldDegenerate": [],
      "newDegenerate": [],
      "triangleAreaRatios": [
        0.5018435097321435,
        1.0179765891020898,
        3.957345447966223
      ]
    },
    {
      "time": 92.755375,
      "beforePairs": [
        "11704:13375",
        "11704:13376",
        "11704:13449",
        "11705:13376",
        "11705:13449",
        "13005:13375",
        "13052:13375",
        "13053:13375"
      ],
      "afterPairs": [],
      "newPairs": [],
      "oldDegenerate": [],
      "newDegenerate": [],
      "triangleAreaRatios": [
        0.4430047132787477,
        1.0123047172620108,
        4.1686310759653855
      ]
    },
    {
      "time": 93.929875,
      "beforePairs": [
        "11704:13375",
        "11704:13376",
        "11705:13375",
        "11705:13376",
        "11705:13449",
        "13005:13375",
        "13052:13375",
        "13053:13375",
        "13376:13389",
        "13389:13449"
      ],
      "afterPairs": [],
      "newPairs": [],
      "oldDegenerate": [],
      "newDegenerate": [],
      "triangleAreaRatios": [
        0.4371669892378131,
        1.0147420223111334,
        4.0558410759864145
      ]
    },
    {
      "time": 97.14427500000001,
      "beforePairs": [
        "11704:13375",
        "11704:13376",
        "11705:13375",
        "11705:13376",
        "11705:13449",
        "13005:13375",
        "13052:13375",
        "13376:13389",
        "13389:13449"
      ],
      "afterPairs": [],
      "newPairs": [],
      "oldDegenerate": [],
      "newDegenerate": [],
      "triangleAreaRatios": [
        0.5268575007770455,
        1.0146628717679174,
        4.533118770461276
      ]
    },
    {
      "time": 98.32674999999999,
      "beforePairs": [
        "11704:13375",
        "11704:13449",
        "11705:13053",
        "11705:13376",
        "11705:13449",
        "13005:13375",
        "13052:13375",
        "13376:13389",
        "13389:13449"
      ],
      "afterPairs": [],
      "newPairs": [],
      "oldDegenerate": [],
      "newDegenerate": [],
      "triangleAreaRatios": [
        0.3890396815937514,
        1.0129390167710353,
        4.250556937315032
      ]
    },
    {
      "time": 103.580473,
      "beforePairs": [
        "11704:13375",
        "11705:13053",
        "11705:13375",
        "11705:13376",
        "11705:13449",
        "11707:13376",
        "11707:13449",
        "13005:13375",
        "13052:13375",
        "13053:13375",
        "13376:13388",
        "13376:13389",
        "13388:13449",
        "13389:13449"
      ],
      "afterPairs": [],
      "newPairs": [],
      "oldDegenerate": [],
      "newDegenerate": [],
      "triangleAreaRatios": [
        0.2844735454643494,
        1.0159900987606636,
        7.8475773146551
      ]
    },
    {
      "time": 105,
      "beforePairs": [
        "11704:13375",
        "11705:13053",
        "11705:13375",
        "11705:13449",
        "11706:13053",
        "11706:13376",
        "11706:13449",
        "11707:13053",
        "11707:13449",
        "13005:13375",
        "13052:13375",
        "13053:13375",
        "13053:13386",
        "13053:13387",
        "13162:13165",
        "13165:13195",
        "13165:13197",
        "13386:13449",
        "13387:13449"
      ],
      "afterPairs": [],
      "newPairs": [],
      "oldDegenerate": [],
      "newDegenerate": [],
      "triangleAreaRatios": [
        0.14380538658167621,
        1.011635240061936,
        6.104601899075638
      ]
    },
    {
      "time": 107.086125,
      "beforePairs": [
        "11704:13375",
        "11705:13053",
        "11705:13375",
        "11705:13376",
        "11705:13449",
        "13005:13375",
        "13052:13375",
        "13053:13375",
        "13376:13388",
        "13376:13389",
        "13388:13449",
        "13389:13449"
      ],
      "afterPairs": [],
      "newPairs": [],
      "oldDegenerate": [],
      "newDegenerate": [],
      "triangleAreaRatios": [
        0.48622326765436735,
        1.0201020530994176,
        4.8481782956234225
      ]
    },
    {
      "time": 111.084947,
      "beforePairs": [
        "11704:13375",
        "11704:13376",
        "11705:13375",
        "11705:13376",
        "11705:13449",
        "13005:13375",
        "13052:13375",
        "13053:13375",
        "32810:34475",
        "32810:34546",
        "32811:34475",
        "32811:34546",
        "34102:34546"
      ],
      "afterPairs": [],
      "newPairs": [],
      "oldDegenerate": [],
      "newDegenerate": [],
      "triangleAreaRatios": [
        0.4745123230204989,
        1.0195903993115543,
        6.75073705697119
      ]
    },
    {
      "time": 114.19125,
      "beforePairs": [
        "11704:13375",
        "11704:13376",
        "11704:13449",
        "11705:13376",
        "11705:13449",
        "13005:13375",
        "13052:13375",
        "13376:13389",
        "13389:13449"
      ],
      "afterPairs": [],
      "newPairs": [],
      "oldDegenerate": [],
      "newDegenerate": [],
      "triangleAreaRatios": [
        0.5356920404084198,
        1.0164705892323407,
        4.393082818894704
      ]
    },
    {
      "time": 117.143829,
      "beforePairs": [
        "11704:13375",
        "11705:13053",
        "11705:13375",
        "11705:13376",
        "11707:13376",
        "11707:13449",
        "13005:13375",
        "13052:13375",
        "13053:13375",
        "13375:13389",
        "13376:13388",
        "13376:13389",
        "13388:13449",
        "13389:13449"
      ],
      "afterPairs": [],
      "newPairs": [],
      "oldDegenerate": [],
      "newDegenerate": [],
      "triangleAreaRatios": [
        0.4035117694320611,
        1.0137451939737827,
        4.5717004367767204
      ]
    },
    {
      "time": 120,
      "beforePairs": [
        "11704:13375",
        "11704:13376",
        "11704:13449",
        "11705:13376",
        "11705:13449",
        "13005:13375",
        "13052:13375",
        "13376:13389",
        "13389:13449"
      ],
      "afterPairs": [],
      "newPairs": [],
      "oldDegenerate": [],
      "newDegenerate": [],
      "triangleAreaRatios": [
        0.5318274805432357,
        1.0188561749636913,
        4.313294387605637
      ]
    },
    {
      "time": 121.121375,
      "beforePairs": [
        "11704:13375",
        "11704:13376",
        "11704:13449",
        "11705:13376",
        "11705:13449",
        "13005:13375",
        "13052:13375",
        "13053:13375",
        "32810:34475",
        "32810:34546",
        "32811:34472",
        "32811:34475",
        "32811:34546",
        "34102:34472",
        "34102:34546",
        "34475:34486",
        "34486:34546"
      ],
      "afterPairs": [],
      "newPairs": [],
      "oldDegenerate": [],
      "newDegenerate": [],
      "triangleAreaRatios": [
        0.47637728459312356,
        1.0217672247333798,
        5.680792405153787
      ]
    },
    {
      "time": 123.392241,
      "beforePairs": [
        "11704:13375",
        "11705:13053",
        "11705:13375",
        "11705:13376",
        "11705:13449",
        "13005:13375",
        "13052:13375",
        "13053:13375",
        "13376:13389",
        "13389:13449"
      ],
      "afterPairs": [],
      "newPairs": [],
      "oldDegenerate": [],
      "newDegenerate": [],
      "triangleAreaRatios": [
        0.46326798423608784,
        1.0159661626555765,
        4.294404636798412
      ]
    },
    {
      "time": 126.746375,
      "beforePairs": [
        "11704:13375",
        "11705:13053",
        "11705:13375",
        "11705:13376",
        "11705:13449",
        "13005:13375",
        "13052:13375",
        "13376:13389",
        "13389:13449"
      ],
      "afterPairs": [],
      "newPairs": [],
      "oldDegenerate": [],
      "newDegenerate": [],
      "triangleAreaRatios": [
        0.4899657233681082,
        1.015005127327305,
        5.16441427062626
      ]
    },
    {
      "time": 130,
      "beforePairs": [
        "11704:13375",
        "11705:13053",
        "11705:13375",
        "11705:13376",
        "11705:13449",
        "13005:13375",
        "13052:13375",
        "13053:13375",
        "13376:13388",
        "13376:13389",
        "13388:13449",
        "13389:13449"
      ],
      "afterPairs": [],
      "newPairs": [],
      "oldDegenerate": [],
      "newDegenerate": [],
      "triangleAreaRatios": [
        0.5144484730419494,
        1.0193589730140549,
        6.27577782211021
      ]
    },
    {
      "time": 130.6684275,
      "beforePairs": [
        "11704:13376",
        "11704:13449",
        "11705:13376",
        "11705:13449",
        "13005:13449"
      ],
      "afterPairs": [],
      "newPairs": [],
      "oldDegenerate": [],
      "newDegenerate": [],
      "triangleAreaRatios": [
        0.5487241797579178,
        1.0171097356976002,
        5.992445654304714
      ]
    },
    {
      "time": 132.274953,
      "beforePairs": [
        "11704:13375",
        "11704:13376",
        "11704:13449",
        "11705:13376",
        "11705:13449",
        "13005:13375",
        "13005:13449",
        "13376:13389",
        "13389:13449",
        "32810:34475",
        "32810:34546",
        "32811:34472",
        "32811:34475",
        "32811:34546",
        "34102:34472",
        "34102:34546",
        "34475:34486",
        "34486:34546"
      ],
      "afterPairs": [],
      "newPairs": [],
      "oldDegenerate": [],
      "newDegenerate": [],
      "triangleAreaRatios": [
        0.5433345155802742,
        1.021876168129446,
        5.078906184482181
      ]
    },
    {
      "time": 135,
      "beforePairs": [
        "11704:13375",
        "11704:13376",
        "11704:13449",
        "11705:13376",
        "11705:13449",
        "13005:13375",
        "13005:13449",
        "13376:13389",
        "13389:13449"
      ],
      "afterPairs": [],
      "newPairs": [],
      "oldDegenerate": [],
      "newDegenerate": [],
      "triangleAreaRatios": [
        0.5304192651174189,
        1.0146023042442993,
        5.669437975596744
      ]
    },
    {
      "time": 136.367375,
      "beforePairs": [],
      "afterPairs": [],
      "newPairs": [],
      "oldDegenerate": [],
      "newDegenerate": [],
      "triangleAreaRatios": [
        0.5442116179305162,
        1.0116428043859407,
        6.793742448479215
      ]
    },
    {
      "time": 136.521482,
      "beforePairs": [],
      "afterPairs": [],
      "newPairs": [],
      "oldDegenerate": [],
      "newDegenerate": [],
      "triangleAreaRatios": [
        0.5506806461692284,
        1.0112947472781548,
        6.25689319982156
      ]
    },
    {
      "time": 141.429875,
      "beforePairs": [
        "11704:13376",
        "11704:13449",
        "13005:13449",
        "32811:34475",
        "32811:34546",
        "34102:34546",
        "34475:34515"
      ],
      "afterPairs": [],
      "newPairs": [],
      "oldDegenerate": [],
      "newDegenerate": [],
      "triangleAreaRatios": [
        0.46742813336321826,
        1.0171337644207883,
        34.59251362950402
      ]
    },
    {
      "time": 142.138893,
      "beforePairs": [
        "11704:13375",
        "11704:13376",
        "11704:13449",
        "11705:13376",
        "11705:13449",
        "13005:13375",
        "13005:13449",
        "13376:13389",
        "13389:13449"
      ],
      "afterPairs": [],
      "newPairs": [],
      "oldDegenerate": [],
      "newDegenerate": [],
      "triangleAreaRatios": [
        0.49696876164829257,
        1.0179280749084179,
        7.197370211654025
      ]
    },
    {
      "time": 145.416368,
      "beforePairs": [
        "11704:13375",
        "11704:13376",
        "11704:13449",
        "11705:13376",
        "11705:13449",
        "13005:13375",
        "13052:13375",
        "13053:13375"
      ],
      "afterPairs": [],
      "newPairs": [],
      "oldDegenerate": [],
      "newDegenerate": [],
      "triangleAreaRatios": [
        0.4683547223012773,
        1.0167787234980592,
        4.03629586530857
      ]
    },
    {
      "time": 146.081,
      "beforePairs": [
        "11704:13376",
        "11704:13449",
        "13005:13376",
        "13005:13449"
      ],
      "afterPairs": [],
      "newPairs": [],
      "oldDegenerate": [],
      "newDegenerate": [],
      "triangleAreaRatios": [
        0.5715527829655092,
        1.0150458631537458,
        14.946115585208641
      ]
    },
    {
      "time": 150,
      "beforePairs": [],
      "afterPairs": [],
      "newPairs": [],
      "oldDegenerate": [],
      "newDegenerate": [],
      "triangleAreaRatios": [
        0.5216963951648244,
        1.00898831055466,
        6.162229494182052
      ]
    },
    {
      "time": 150.2061565,
      "beforePairs": [],
      "afterPairs": [],
      "newPairs": [],
      "oldDegenerate": [],
      "newDegenerate": [],
      "triangleAreaRatios": [
        0.5221133289970318,
        1.0091366331859983,
        6.114490641286629
      ]
    },
    {
      "time": 150.637,
      "beforePairs": [
        "11704:13376",
        "11704:13449",
        "13005:13449"
      ],
      "afterPairs": [],
      "newPairs": [],
      "oldDegenerate": [],
      "newDegenerate": [],
      "triangleAreaRatios": [
        0.48119118380451265,
        1.0127685305243619,
        5.849986637974187
      ]
    },
    {
      "time": 154.387,
      "beforePairs": [
        "11704:13375",
        "11704:13376",
        "11704:13449",
        "11705:13376",
        "11705:13449",
        "13005:13375",
        "13052:13375",
        "13376:13389",
        "13389:13449"
      ],
      "afterPairs": [],
      "newPairs": [],
      "oldDegenerate": [],
      "newDegenerate": [],
      "triangleAreaRatios": [
        0.5284153971443691,
        1.0146066102062445,
        4.921567851771343
      ]
    },
    {
      "time": 154.64576399999999,
      "beforePairs": [
        "11704:13375",
        "11704:13376",
        "11704:13449",
        "11705:13376",
        "11705:13449",
        "13005:13375",
        "13052:13375",
        "13376:13389",
        "13389:13449"
      ],
      "afterPairs": [],
      "newPairs": [],
      "oldDegenerate": [],
      "newDegenerate": [],
      "triangleAreaRatios": [
        0.532454422801669,
        1.0160575720292389,
        5.061245143953055
      ]
    },
    {
      "time": 158.58646000000002,
      "beforePairs": [
        "11704:13376",
        "11704:13449",
        "13005:13449"
      ],
      "afterPairs": [],
      "newPairs": [],
      "oldDegenerate": [],
      "newDegenerate": [],
      "triangleAreaRatios": [
        0.5054223685283816,
        1.0125539186946233,
        6.701761881864915
      ]
    },
    {
      "time": 159.277625,
      "beforePairs": [
        "11704:13376",
        "11704:13449",
        "11705:13376",
        "11705:13449",
        "13005:13449"
      ],
      "afterPairs": [],
      "newPairs": [],
      "oldDegenerate": [],
      "newDegenerate": [],
      "triangleAreaRatios": [
        0.48944430940405503,
        1.012546761608637,
        6.086281939995636
      ]
    },
    {
      "time": 167.764524,
      "beforePairs": [
        "11704:13376",
        "11704:13449",
        "13165:13195",
        "13165:13197",
        "13376:13416",
        "13416:13449",
        "13417:13449"
      ],
      "afterPairs": [],
      "newPairs": [],
      "oldDegenerate": [],
      "newDegenerate": [],
      "triangleAreaRatios": [
        0.361234828954218,
        1.0078858942478983,
        4.491631329589092
      ]
    },
    {
      "time": 170,
      "beforePairs": [
        "11704:13375",
        "11705:13053",
        "11705:13375",
        "11706:13376",
        "11706:13449",
        "11707:13376",
        "11707:13449",
        "13005:13375",
        "13052:13375",
        "13053:13375",
        "13053:13389",
        "13375:13389",
        "13376:13388",
        "13376:13389",
        "13388:13449",
        "13389:13449"
      ],
      "afterPairs": [],
      "newPairs": [],
      "oldDegenerate": [],
      "newDegenerate": [],
      "triangleAreaRatios": [
        0.39443922382766655,
        1.0176769960288197,
        4.573100834241289
      ]
    },
    {
      "time": 171.121375,
      "beforePairs": [
        "11704:13375",
        "11704:13376",
        "11704:13449",
        "11705:13376",
        "11705:13449",
        "13005:13375",
        "13052:13375",
        "32810:34475",
        "32810:34546",
        "32811:34472",
        "32811:34475",
        "32811:34546",
        "34102:34472",
        "34102:34546",
        "34475:34486",
        "34486:34546"
      ],
      "afterPairs": [],
      "newPairs": [],
      "oldDegenerate": [],
      "newDegenerate": [],
      "triangleAreaRatios": [
        0.47512017643369125,
        1.0218382119320457,
        5.678126016830145
      ]
    },
    {
      "time": 174.645422,
      "beforePairs": [
        "11701:13376",
        "11701:13449",
        "11704:13375",
        "11705:13053",
        "11705:13375",
        "11706:13376",
        "11706:13449",
        "11707:13376",
        "11707:13449",
        "13005:13375",
        "13052:13375",
        "13053:13375",
        "13053:13389",
        "13375:13389",
        "13376:13388",
        "13376:13389",
        "13388:13449",
        "13389:13449"
      ],
      "afterPairs": [],
      "newPairs": [],
      "oldDegenerate": [],
      "newDegenerate": [],
      "triangleAreaRatios": [
        0.4015419615540647,
        1.0150872915872258,
        4.851386347454741
      ]
    },
    {
      "time": 176.746375,
      "beforePairs": [
        "11704:13375",
        "11704:13376",
        "11704:13449",
        "11705:13376",
        "11705:13449",
        "13005:13375",
        "13052:13375"
      ],
      "afterPairs": [],
      "newPairs": [],
      "oldDegenerate": [],
      "newDegenerate": [],
      "triangleAreaRatios": [
        0.4874498159954197,
        1.0163504513220347,
        3.719026790928432
      ]
    },
    {
      "time": 181.08303,
      "beforePairs": [
        "11704:13376",
        "11704:13449",
        "13005:13449"
      ],
      "afterPairs": [],
      "newPairs": [],
      "oldDegenerate": [],
      "newDegenerate": [],
      "triangleAreaRatios": [
        0.4851220794789271,
        1.0158850876451837,
        29.286175326812035
      ]
    },
    {
      "time": 182.287,
      "beforePairs": [
        "11704:13375",
        "11704:13376",
        "11704:13449",
        "11705:13376",
        "11705:13449",
        "13005:13375",
        "13005:13449",
        "13376:13389",
        "13389:13449"
      ],
      "afterPairs": [],
      "newPairs": [],
      "oldDegenerate": [],
      "newDegenerate": [],
      "triangleAreaRatios": [
        0.48320874732115454,
        1.0179816718878973,
        6.072738331310884
      ]
    },
    {
      "time": 185.2061565,
      "beforePairs": [
        "11704:13375",
        "11704:13376",
        "11705:13375",
        "11705:13376",
        "11705:13449",
        "13005:13375",
        "13052:13375",
        "13053:13375",
        "13376:13389",
        "13389:13449"
      ],
      "afterPairs": [],
      "newPairs": [],
      "oldDegenerate": [],
      "newDegenerate": [],
      "triangleAreaRatios": [
        0.4526588673564916,
        1.0153666792933154,
        3.9890000465408932
      ]
    },
    {
      "time": 186.367375,
      "beforePairs": [
        "11704:13376",
        "11704:13449",
        "13005:13449"
      ],
      "afterPairs": [],
      "newPairs": [],
      "oldDegenerate": [],
      "newDegenerate": [],
      "triangleAreaRatios": [
        0.5187329297244749,
        1.0150521093678417,
        18.055376078534202
      ]
    },
    {
      "time": 189.5227325,
      "beforePairs": [
        "11704:13375",
        "11705:13053",
        "11705:13375",
        "11705:13376",
        "11705:13449",
        "13005:13375",
        "13052:13375",
        "13376:13389",
        "13389:13449"
      ],
      "afterPairs": [],
      "newPairs": [],
      "oldDegenerate": [],
      "newDegenerate": [],
      "triangleAreaRatios": [
        0.530912726062158,
        1.0151759270547795,
        6.11800543929846
      ]
    },
    {
      "time": 191.429875,
      "beforePairs": [],
      "afterPairs": [],
      "newPairs": [],
      "oldDegenerate": [],
      "newDegenerate": [],
      "triangleAreaRatios": [
        0.519167885760201,
        1.0080785147302491,
        3.3124101714829592
      ]
    },
    {
      "time": 193.395027,
      "beforePairs": [],
      "afterPairs": [],
      "newPairs": [],
      "oldDegenerate": [],
      "newDegenerate": [],
      "triangleAreaRatios": [
        0.5058496788523013,
        1.0135538915734652,
        4.432938616882358
      ]
    },
    {
      "time": 195,
      "beforePairs": [
        "11704:13375",
        "11704:13376",
        "11704:13449",
        "11705:13376",
        "11705:13449",
        "13005:13375",
        "13052:13375",
        "13053:13375"
      ],
      "afterPairs": [],
      "newPairs": [],
      "oldDegenerate": [],
      "newDegenerate": [],
      "triangleAreaRatios": [
        0.5161459246301138,
        1.0138199909060772,
        4.162533488077989
      ]
    },
    {
      "time": 195.416368,
      "beforePairs": [
        "11704:13375",
        "11704:13376",
        "11704:13449",
        "11705:13376",
        "11705:13449",
        "13005:13375",
        "13052:13375",
        "13053:13375"
      ],
      "afterPairs": [],
      "newPairs": [],
      "oldDegenerate": [],
      "newDegenerate": [],
      "triangleAreaRatios": [
        0.5338934313619307,
        1.01633780333301,
        4.104468104436427
      ]
    },
    {
      "time": 197.77155499999998,
      "beforePairs": [
        "11704:13376",
        "11704:13449",
        "13005:13449"
      ],
      "afterPairs": [],
      "newPairs": [],
      "oldDegenerate": [],
      "newDegenerate": [],
      "triangleAreaRatios": [
        0.5011477162539324,
        1.0120589616755373,
        28.736222928632515
      ]
    },
    {
      "time": 200.637,
      "beforePairs": [
        "11704:13376",
        "11704:13449",
        "13005:13449"
      ],
      "afterPairs": [],
      "newPairs": [],
      "oldDegenerate": [],
      "newDegenerate": [],
      "triangleAreaRatios": [
        0.49842908009508446,
        1.0168915844029363,
        73.44680244101825
      ]
    },
    {
      "time": 202.755375,
      "beforePairs": [],
      "afterPairs": [],
      "newPairs": [],
      "oldDegenerate": [],
      "newDegenerate": [],
      "triangleAreaRatios": [
        0.545179080433369,
        1.0107217685934426,
        5.559867053526734
      ]
    },
    {
      "time": 204.387,
      "beforePairs": [
        "11704:13375",
        "11705:13053",
        "11705:13375",
        "11705:13376",
        "11705:13449",
        "13005:13375",
        "13052:13375",
        "13376:13389",
        "13389:13449"
      ],
      "afterPairs": [],
      "newPairs": [],
      "oldDegenerate": [],
      "newDegenerate": [],
      "triangleAreaRatios": [
        0.48336323421005833,
        1.016626270628479,
        5.832519235543504
      ]
    },
    {
      "time": 206.51525199999998,
      "beforePairs": [
        "11704:13375",
        "11704:13376",
        "11704:13449",
        "11705:13376",
        "11705:13449",
        "13005:13375",
        "13052:13375",
        "13053:13375"
      ],
      "afterPairs": [],
      "newPairs": [],
      "oldDegenerate": [],
      "newDegenerate": [],
      "triangleAreaRatios": [
        0.465278808632026,
        1.0145629463806614,
        3.8189420825877396
      ]
    },
    {
      "time": 209.277625,
      "beforePairs": [
        "11704:13375",
        "11704:13376",
        "11704:13449",
        "11705:13376",
        "11705:13449",
        "13005:13375",
        "13052:13375",
        "13053:13375",
        "13376:13416"
      ],
      "afterPairs": [],
      "newPairs": [],
      "oldDegenerate": [],
      "newDegenerate": [],
      "triangleAreaRatios": [
        0.3968220845174368,
        1.0113502467536517,
        3.1918130180296806
      ]
    },
    {
      "time": 210,
      "beforePairs": [
        "11704:13376",
        "11704:13449",
        "13005:13449",
        "13376:13416"
      ],
      "afterPairs": [],
      "newPairs": [],
      "oldDegenerate": [],
      "newDegenerate": [],
      "triangleAreaRatios": [
        0.5648387205381511,
        1.0149208350760894,
        5.754013815672366
      ]
    },
    {
      "time": 212.28813749999998,
      "beforePairs": [
        "11704:13375",
        "11705:13053",
        "11705:13375",
        "11705:13376",
        "11705:13449",
        "13005:13375",
        "13052:13375",
        "13376:13389",
        "13389:13449"
      ],
      "afterPairs": [],
      "newPairs": [],
      "oldDegenerate": [],
      "newDegenerate": [],
      "triangleAreaRatios": [
        0.5331365081069116,
        1.0195650703380545,
        5.868133575770434
      ]
    },
    {
      "time": 218.5507935,
      "beforePairs": [
        "11704:13375",
        "11704:13376",
        "11704:13449",
        "11705:13376",
        "11705:13449",
        "13005:13375",
        "13005:13449"
      ],
      "afterPairs": [],
      "newPairs": [],
      "oldDegenerate": [],
      "newDegenerate": [],
      "triangleAreaRatios": [
        0.35669087189240734,
        1.0119010903400736,
        4.6036248351740685
      ]
    },
    {
      "time": 220.6984765,
      "beforePairs": [
        "11704:13375",
        "11704:13449",
        "11705:13053",
        "11705:13376",
        "11705:13449",
        "13005:13375",
        "13005:13449",
        "13376:13389",
        "13389:13449"
      ],
      "afterPairs": [],
      "newPairs": [],
      "oldDegenerate": [],
      "newDegenerate": [],
      "triangleAreaRatios": [
        0.3273750501515389,
        1.0131194943683541,
        5.1582979343467334
      ]
    },
    {
      "time": 220.881981,
      "beforePairs": [
        "11704:13375",
        "11704:13449",
        "11705:13053",
        "11705:13376",
        "11705:13449",
        "13005:13375",
        "13005:13449",
        "13376:13389",
        "13389:13449"
      ],
      "afterPairs": [],
      "newPairs": [],
      "oldDegenerate": [],
      "newDegenerate": [],
      "triangleAreaRatios": [
        0.32848876640782493,
        1.013130804530435,
        5.158999487686478
      ]
    }
  ]
}
WRIST_SURFACE_NO_NEW_CROSSINGS
