{"time":0,"pairs":[["R-upper-skin",14],["R-sleeve",65]],"min":[["L-upper-skin",23.484856739420405],["R-upper-skin",1.463891337925855],["L-forearm",92.37121597986895],["R-forearm",40.44870837929245],["L-sleeve",3.6119978950824616],["R-sleeve",0.1487750874231438]]}
{"time":0.95,"pairs":[["R-upper-skin",10],["R-sleeve",65]],"min":[["L-upper-skin",21.301036144481156],["R-upper-skin",1.6895843076569612],["L-forearm",89.27688217725647],["R-forearm",44.841508509323965],["L-sleeve",1.9621434415413812],["R-sleeve",0.0667353567188005]]}
{"time":6,"pairs":[["R-upper-skin",9],["R-sleeve",64]],"min":[["L-upper-skin",22.295671006065945],["R-upper-skin",1.0434526551361836],["L-forearm",86.25922500513003],["R-forearm",43.22797106494796],["L-sleeve",2.701534242644423],["R-sleeve",0.03096971750367121]]}
{"time":11.7,"pairs":[["L-sleeve",26],["R-sleeve",76]],"min":[["L-upper-skin",13.998020474984424],["R-upper-skin",2.574363138441776],["L-forearm",63.030745251672435],["R-forearm",47.25667947970325],["L-sleeve",0.03633839399838045],["R-sleeve",0.09189362919987644]]}
{"time":26.05,"pairs":[["L-sleeve",5],["R-sleeve",38]],"min":[["L-upper-skin",17.78728898647542],["R-upper-skin",15.113146243658932],["L-forearm",66.50344062334052],["R-forearm",61.3532407033746],["L-sleeve",0.2579880614708153],["R-sleeve",0.22129639797692363]]}
{"time":30.766666666666666,"pairs":[["L-sleeve",63],["R-sleeve",32]],"min":[["L-upper-skin",3.7258337983794374],["R-upper-skin",16.43557118420181],["L-forearm",57.55155945344207],["R-forearm",68.54939774273531],["L-sleeve",0.5724352939759396],["R-sleeve",0.4895807336594469]]}
{"time":40.93333333333333,"pairs":[["R-sleeve",49]],"min":[["L-upper-skin",23.764651004479536],["R-upper-skin",12.349763532568561],["L-forearm",99.04884872998849],["R-forearm",54.94183447015304],["L-sleeve",3.772484008960709],["R-sleeve",0.4031683063384901]]}
{"time":55.8,"pairs":[["L-sleeve",29],["R-sleeve",48]],"min":[["L-upper-skin",13.894490729277209],["R-upper-skin",12.725986210227243],["L-forearm",64.89324285425981],["R-forearm",61.60557447351916],["L-sleeve",0.5510035696652497],["R-sleeve",0.02600936389405748]]}
{"time":72.04,"pairs":[["R-sleeve",37]],"min":[["L-upper-skin",21.809257114417942],["R-upper-skin",14.322704948636368],["L-forearm",79.45782761741452],["R-forearm",64.93907332173693],["L-sleeve",2.350185062778152],["R-sleeve",0.3446842949400311]]}
{"time":112.5,"pairs":[["R-sleeve",42]],"min":[["L-upper-skin",20.754570307306924],["R-upper-skin",13.706701725892307],["L-forearm",94.0467599348422],["R-forearm",70.81960312830365],["L-sleeve",1.0493582235985612],["R-sleeve",0.42883742229965893]]}
{"time":156.06666666666666,"pairs":[["L-sleeve",41],["R-sleeve",35]],"min":[["L-upper-skin",11.871762744239717],["R-upper-skin",15.441660393791551],["L-forearm",62.721476116915625],["R-forearm",82.99840293564715],["L-sleeve",0.19985063002144926],["R-sleeve",0.16256179996948836]]}
{"time":162.31,"pairs":[["R-upper-skin",2],["R-sleeve",63]],"min":[["L-upper-skin",22.376863857773102],["R-upper-skin",3.3123934668965744],["L-forearm",89.50345120955761],["R-forearm",56.62018387371269],["L-sleeve",3.0927682233321248],["R-sleeve",0.28552154425723275]]}
{"time":173,"pairs":[["R-sleeve",37]],"min":[["L-upper-skin",23.108447888565866],["R-upper-skin",16.1157485656946],["L-forearm",78.89213657809405],["R-forearm",60.027188763496866],["L-sleeve",3.688923831292516],["R-sleeve",0.04752153774367743]]}
{"time":188.816,"pairs":[["L-sleeve",64],["R-sleeve",37]],"min":[["L-upper-skin",2.5556296880985485],["R-upper-skin",15.597873096336683],["L-forearm",72.44046923618316],["R-forearm",70.1310333593519],["L-sleeve",0.47064292392947993],["R-sleeve",0.3469090819174503]]}
{"time":189.9,"pairs":[["L-upper-skin",19],["L-sleeve",63],["R-sleeve",50]],"min":[["L-upper-skin",0.3506435208294644],["R-upper-skin",12.741149045391671],["L-forearm",70.83887738299742],["R-forearm",72.00008306710302],["L-sleeve",0.5066636638287365],["R-sleeve",0.03769872258048816]]}
{"time":197.5,"pairs":[["L-sleeve",18],["R-sleeve",53]],"min":[["L-upper-skin",16.675111680744287],["R-upper-skin",10.783508042173684],["L-forearm",62.50559746852388],["R-forearm",66.56039871665669],["L-sleeve",0.09862847561537011],["R-sleeve",0.07384652999499759]]}
{"time":224.55,"pairs":[["R-upper-skin",40],["L-sleeve",12],["R-sleeve",58]],"min":[["L-upper-skin",18.868287495326335],["R-upper-skin",0.43413051620668835],["L-forearm",82.0256058477998],["R-forearm",47.8320354614965],["L-sleeve",0.0919565140012267],["R-sleeve",0.5527972048885191]]}
{"time":228.325,"pairs":[["R-upper-skin",39],["L-sleeve",13],["R-sleeve",54]],"min":[["L-upper-skin",17.671973520611864],["R-upper-skin",0.12571405244259676],["L-forearm",80.3972239380978],["R-forearm",51.99806571243702],["L-sleeve",0.07615634920906622],["R-sleeve",0.0490281021471206]]}
{"time":228.99,"pairs":[["R-upper-skin",39],["L-sleeve",12],["R-sleeve",54]],"min":[["L-upper-skin",18.07743870306244],["R-upper-skin",0.044503858228481206],["L-forearm",80.97341778337335],["R-forearm",51.66818123782107],["L-sleeve",0.3770663773839844],["R-sleeve",0.12938709158734787]]}
{"time":233.144228,"pairs":[["R-upper-skin",37],["L-sleeve",11],["R-sleeve",56]],"min":[["L-upper-skin",18.281376964266684],["R-upper-skin",0.1899561038843222],["L-forearm",81.19059174668297],["R-forearm",52.13957245309941],["L-sleeve",0.5537368283966034],["R-sleeve",0.1371713332285038]]}
