{"samples":200,"maxDepthMm":0}
{"samples":400,"maxDepthMm":0}
{"samples":600,"maxDepthMm":0}
{"samples":800,"maxDepthMm":0}
{"samples":1000,"maxDepthMm":0}
{"samples":1200,"maxDepthMm":0}
{"samples":1400,"maxDepthMm":0}
{"samples":1600,"maxDepthMm":0}
{"samples":1800,"maxDepthMm":1.623427973452197}
{"samples":2000,"maxDepthMm":1.623427973452197}
candidate-final [
  [ 0, [ 'L', -0, 0 ], [ 'R', -0, 0 ] ],
  [ 0.25, [ 'L', -0, 0 ], [ 'R', -0, 0 ] ],
  [ 0.5, [ 'L', -0, 0 ], [ 'R', -0, 0 ] ],
  [ 0.568923, [ 'L', -0, 0 ], [ 'R', -0, 0 ] ],
  [ 0.75, [ 'L', -0, 0 ], [ 'R', -0, 0 ] ],
  [ 0.9599355, [ 'L', -0, 0 ], [ 'R', -0, 0 ] ],
  [ 1, [ 'L', -0, 0 ], [ 'R', -0, 0 ] ],
  [ 1.25, [ 'L', -0, 0 ], [ 'R', -0, 0 ] ],
  [ 1.363654, [ 'L', -0, 0 ], [ 'R', -0, 0 ] ],
  [ 1.5, [ 'L', -0, 0 ], [ 'R', -0, 0 ] ],
  [ 1.5384615, [ 'L', -0, 0 ], [ 'R', -0, 0 ] ],
  [ 1.75, [ 'L', -0, 0 ], [ 'R', -0, 0 ] ],
  [ 1.9360769999999998, [ 'L', -0, 0 ], [ 'R', -0, 0 ] ],
  [ 2, [ 'L', -0, 0 ], [ 'R', -0, 0 ] ],
  [ 2.25, [ 'L', -0, 0 ], [ 'R', -0, 0 ] ],
  [ 2.2946925, [ 'L', -0, 0 ], [ 'R', -0, 0 ] ],
  [ 2.5, [ 'L', -0, 0 ], [ 'R', -0, 0 ] ],
  [ 2.5045, [ 'L', -0, 0 ], [ 'R', -0, 0 ] ],
  [ 2.75, [ 'L', -0, 0 ], [ 'R', -0, 0 ] ],
  [ 2.8253585, [ 'L', -0, 0 ], [ 'R', -0, 0 ] ],
  [ 2.9021155, [ 'L', -0, 0 ], [ 'R', -0, 0 ] ],
  [ 3, [ 'L', -0, 0 ], [ 'R', -0, 0 ] ],
  [ 3.25, [ 'L', -0, 0 ], [ 'R', -0, 0 ] ],
  [ 3.4696700000000003, [ 'L', -0, 0 ], [ 'R', -0, 0 ] ],
  [ 3.5, [ 'L', -0, 0 ], [ 'R', -0, 0 ] ],
  [ 3.6362435, [ 'L', -0, 0 ], [ 'R', -0, 0 ] ],
  [ 3.75, [ 'L', -0, 0 ], [ 'R', -0, 0 ] ],
  [ 4, [ 'L', -0, 0 ], [ 'R', -0, 0 ] ],
  [ 4.028414, [ 'L', -0, 0 ], [ 'R', -0, 0 ] ],
  [ 4.25, [ 'L', -0, 0 ], [ 'R', -0, 0 ] ],
  [ 4.423537, [ 'L', -0, 0 ], [ 'R', -0, 0 ] ],
  [ 4.5, [ 'L', -0, 0 ], [ 'R', -0, 0 ] ],
  [ 4.5384775, [ 'L', -0, 0 ], [ 'R', -0, 0 ] ],
  [ 4.75, [ 'L', -0, 0 ], [ 'R', -0, 0 ] ],
  [ 4.992657, [ 'L', -0, 0 ], [ 'R', -0, 0 ] ],
  [ 5, [ 'L', -0, 0 ], [ 'R', -0, 0 ] ],
  [ 5.25, [ 'L', -0, 0 ], [ 'R', -0, 0 ] ],
  [ 5.355403999999999, [ 'L', -0, 0 ], [ 'R', -0, 0 ] ],
  [ 5.5, [ 'L', -0, 0 ], [ 'R', -0, 0 ] ],
  [ 5.75, [ 'L', -0, 0 ], [ 'R', -0, 0 ] ],
  [ 5.8524685, [ 'L', -0, 0 ], [ 'R', -0, 0 ] ],
  [ 6, [ 'L', -0, 0 ], [ 'R', -0, 0 ] ],
  [ 6.25, [ 'L', -0, 0 ], [ 'R', -0, 0 ] ],
  [ 6.5, [ 'L', -0, 0 ], [ 'R', -0, 0 ] ],
  [ 6.5125135, [ 'L', -0, 0 ], [ 'R', -0, 0 ] ],
  [ 6.683821, [ 'L', -0, 0 ], [ 'R', -0, 0 ] ],
  [ 6.75, [ 'L', -0, 0 ], [ 'R', -0, 0 ] ],
  [ 7, [ 'L', -0, 0 ], [ 'R', -0, 0 ] ],
  [ 7.0934365, [ 'L', -0, 0 ], [ 'R', -0, 0 ] ],
  [ 7.25, [ 'L', -0, 0 ], [ 'R', -0, 0 ] ],
  [ 7.4785515, [ 'L', -0, 0 ], [ 'R', -0, 0 ] ],
  [ 7.5, [ 'L', -0, 0 ], [ 'R', -0, 0 ] ],
  [ 7.6533595000000005, [ 'L', -0, 0 ], [ 'R', -0, 0 ] ],
  [ 7.75, [ 'L', -0, 0 ], [ 'R', -0, 0 ] ],
  [ 8, [ 'L', -0, 0 ], [ 'R', -0, 0 ] ],
  [ 8.031871500000001, [ 'L', -0, 0 ], [ 'R', -0, 0 ] ],
  [ 8.25, [ 'L', -0, 0 ], [ 'R', -0, 0 ] ],
  [ 8.40959, [ 'L', -0, 0 ], [ 'R', -0, 0 ] ],
  [ 8.5, [ 'L', -0, 0 ], [ 'R', -0, 0 ] ],
  [ 8.6318975, [ 'L', -0, 0 ], [ 'R', -0, 0 ] ],
  [ 8.75, [ 'L', -0, 0 ], [ 'R', -0, 0 ] ],
  [ 8.993513, [ 'L', -0, 0 ], [ 'R', -0, 0 ] ],
  [ 9, [ 'L', -0, 0 ], [ 'R', -0, 0 ] ],
  [ 9.017013, [ 'L', -0, 0 ], [ 'R', -0, 0 ] ],
  [ 9.25, [ 'L', -0, 0 ], [ 'R', -0, 0 ] ],
  [ 9.383821, [ 'L', -0, 0 ], [ 'R', -0, 0 ] ],
  [ 9.5, [ 'L', -0, 0 ], [ 'R', -0, 0 ] ],
  [ 9.604821, [ 'L', -0, 0 ], [ 'R', -0, 0 ] ],
  [ 9.75, [ 'L', -0, 0 ], [ 'R', -0, 0 ] ],
  [ 9.791821, [ 'L', -0, 0 ], [ 'R', -0, 0 ] ],
  [ 10, [ 'L', -0, 0 ], [ 'R', -0, 0 ] ],
  [ 10.178821000000001, [ 'L', -0, 0 ], [ 'R', -0, 0 ] ],
  [ 10.208821, [ 'L', -0, 0 ], [ 'R', -0, 0 ] ],
  [ 10.25, [ 'L', -0, 0 ], [ 'R', -0, 0 ] ],
  [ 10.5, [ 'L', -0, 0 ], [ 'R', -0, 0 ] ],
  [ 10.590217999999998, [ 'L', -0, 0 ], [ 'R', -0, 0 ] ],
  [ 10.75, [ 'L', -0, 0 ], [ 'R', -0, 0 ] ],
  [ 10.791821, [ 'L', -0, 0 ], [ 'R', -0, 0 ] ],
  [ 11, [ 'L', -0, 0 ], [ 'R', -0, 0 ] ],
  [ 11.208820999999999, [ 'L', -0, 0 ], [ 'R', -0, 0 ] ],
  [ 11.25, [ 'L', -0, 0 ], [ 'R', -0, 0 ] ],
  [ 11.5, [ 'L', -0, 0 ], [ 'R', -0, 0 ] ],
  [ 11.721858, [ 'L', -0, 0 ], [ 'R', -0, 0 ] ],
  [ 11.75, [ 'L', -0, 0 ], [ 'R', -0, 0 ] ],
  [ 12, [ 'L', -0, 0 ], [ 'R', -0, 0 ] ],
  [ 12.209321000000001, [ 'L', -0, 0 ], [ 'R', -0, 0 ] ],
  [ 12.25, [ 'L', -0, 0 ], [ 'R', -0, 0 ] ],
  [ 12.5, [ 'L', -0, 0 ], [ 'R', -0, 0 ] ],
  [ 12.530769, [ 'L', -0, 0 ], [ 'R', -0, 0 ] ],
  [ 12.583239500000001, [ 'L', -0, 0 ], [ 'R', -0, 0 ] ],
  [ 12.75, [ 'L', -0, 0 ], [ 'R', -0, 0 ] ],
  [ 12.880098, [ 'L', -0, 0 ], [ 'R', -0, 0 ] ],
  [ 12.9195765, [ 'L', -0, 0 ], [ 'R', -0, 0 ] ],
  [ 13, [ 'L', -0, 0 ], [ 'R', -0, 0 ] ],
  [ 13.25, [ 'L', -0, 0 ], [ 'R', -0, 0 ] ],
  [ 13.2639135, [ 'L', -0, 0 ], [ 'R', -0, 0 ] ],
  [ 13.4513325, [ 'L', -0, 0 ], [ 'R', -0, 0 ] ],
  [ 13.5, [ 'L', -0, 0 ], [ 'R', -0, 0 ] ],
  [ 13.599751, [ 'L', -0, 0 ], [ 'R', -0, 0 ] ],
  [ 13.75, [ 'L', -0, 0 ], [ 'R', -0, 0 ] ],
  ... 2096 more items
]
