[
  {
    "i": 0,
    "time": 68.58192100000001,
    "side": "R",
    "thumbKey": 0,
    "activePalmCore": 0,
    "thumbPairs": []
  },
  {
    "i": 1,
    "time": 72.895973,
    "side": "R",
    "thumbKey": 0,
    "activePalmCore": 2.1374836738224934,
    "thumbPairs": []
  },
  {
    "i": 2,
    "time": 79.6612025,
    "side": "L",
    "thumbKey": 0,
    "activePalmCore": 2.4290926433337967,
    "thumbPairs": []
  },
  {
    "i": 3,
    "time": 85.05418750000001,
    "side": "L",
    "thumbKey": 0,
    "activePalmCore": 2.4292369952819692,
    "thumbPairs": []
  },
  {
    "i": 4,
    "time": 87.8411095,
    "side": "L",
    "thumbKey": 0,
    "activePalmCore": 2.4635707364643045,
    "thumbPairs": []
  },
  {
    "i": 5,
    "time": 88.5549915,
    "side": "R",
    "thumbKey": 4.224398084941794,
    "activePalmCore": 5.9798485323413475,
    "thumbPairs": []
  },
  {
    "i": 6,
    "time": 89.6664625,
    "side": "L",
    "thumbKey": 0,
    "activePalmCore": 0,
    "thumbPairs": []
  },
  {
    "i": 7,
    "time": 90.104706,
    "side": "R",
    "thumbKey": 4.224398600400137,
    "activePalmCore": 5.961563524186031,
    "thumbPairs": []
  },
  {
    "i": 8,
    "time": 96.1092745,
    "side": "L",
    "thumbKey": 0,
    "activePalmCore": 2.42909947589498,
    "thumbPairs": []
  },
  {
    "i": 9,
    "time": 101.5796935,
    "side": "L",
    "thumbKey": 0,
    "activePalmCore": 2.4292366826673684,
    "thumbPairs": []
  },
  {
    "i": 10,
    "time": 107.74704650000001,
    "side": "R",
    "thumbKey": 0,
    "activePalmCore": 0,
    "thumbPairs": []
  },
  {
    "i": 11,
    "time": 159.2612395,
    "side": "L",
    "thumbKey": 0,
    "activePalmCore": 2.429092694389401,
    "thumbPairs": []
  },
  {
    "i": 12,
    "time": 164.565269,
    "side": "L",
    "thumbKey": 0,
    "activePalmCore": 2.4292373587285754,
    "thumbPairs": []
  },
  {
    "i": 13,
    "time": 169.075695,
    "side": "L",
    "thumbKey": 0,
    "activePalmCore": 0,
    "thumbPairs": []
  },
  {
    "i": 14,
    "time": 180.75079,
    "side": "L",
    "thumbKey": 0,
    "activePalmCore": 2.429093201033683,
    "thumbPairs": []
  },
  {
    "i": 15,
    "time": 186.0548195,
    "side": "L",
    "thumbKey": 0,
    "activePalmCore": 2.4292379045697254,
    "thumbPairs": []
  },
  {
    "i": 16,
    "time": 191.861656,
    "side": "R",
    "thumbKey": 0,
    "activePalmCore": 0,
    "thumbPairs": []
  },
  {
    "i": 17,
    "time": 194.987107,
    "side": "L",
    "thumbKey": 0,
    "activePalmCore": 0,
    "thumbPairs": []
  }
]
