npm warn Unknown env config "http-proxy". This will stop working in the next major version of npm.

> site-creator-vinext-starter@0.1.0 build
> bash scripts/build-verified.sh

/usr/bin/timeout
Running bounded vinext build...

  vinext build  (Vite 8.0.13)

[33m▲ [43;33m[[43;30mWARNING[43;33m][0m [1mProxy environment variables detected. We'll use your proxy for fetch requests.[0m


[1/5] analyze client references...
[2K
transforming...✓ 132 modules transformed.
rendering chunks...
✓ built in 2.28s
[2/5] analyze server references...
[2K
transforming...✓ 117 modules transformed.
rendering chunks...
✓ built in 502ms
[3/5] build rsc environment...
[2K
transforming...✓ 138 modules transformed.
rendering chunks...
computing gzip size...
✓ built in 1.78s
[4/5] build client environment...
[2K
transforming...✓ 2003 modules transformed.
rendering chunks...
computing gzip size...
[plugin builtin:vite-reporter] 
(!) Some chunks are larger than 500 kB after minification. Consider:
- Using dynamic import() to code-split the application
- Use build.rolldownOptions.output.codeSplitting to improve chunking: https://rolldown.rs/reference/OutputOptions.codeSplitting
- Adjust chunk size limit for this warning via build.chunkSizeWarningLimit.
✓ built in 1.86s
[5/5] build ssr environment...
[2K
transforming...✓ 123 modules transformed.
rendering chunks...
computing gzip size...
✓ built in 1.25s
[0m
  Route (app)
  ─ ? /

  ? Unknown

  ? Some routes could not be classified. vinext currently uses static analysis
    and cannot detect dynamic API usage (headers(), cookies(), etc.) at build time.
    Automatic classification will be improved in a future release.

  Build complete. Run `vinext start` to start the production server.

